// Jest Snapshot v1, https://goo.gl/fbAQLP

exports[`Button should match snapshot 1`] = `
<View
  accessible={true}
  collapsable={false}
  focusable={true}
  nativeID="animatedComponent"
  onClick={[Function]}
  onResponderGrant={[Function]}
  onResponderMove={[Function]}
  onResponderRelease={[Function]}
  onResponderTerminate={[Function]}
  onResponderTerminationRequest={[Function]}
  onStartShouldSetResponder={[Function]}
  style={
    Object {
      "opacity": 1,
    }
  }
>
  <View
    style={
      Array [
        Object {
          "alignItems": "center",
          "borderRadius": 6,
          "justifyContent": "center",
          "padding": 12,
          "paddingHorizontal": 16,
        },
        Object {
          "backgroundColor": "#4b3cbb",
        },
      ]
    }
  >
    <Text
      style={
        Object {
          "color": "#ffffff",
          "fontSize": 14,
          "fontWeight": "600",
        }
      }
    >
      Some Text
    </Text>
  </View>
</View>
`;
